/root/Textual-Rule-Explanations-of-Reinforcement-Learning/.venv/lib/python3.12/site-packages/pygame/pkgdata.py:25: UserWarning: pkg_resources is deprecated as an API. See https://setuptools.pypa.io/en/latest/pkg_resources.html. The pkg_resources package is slated for removal as early as 2025-11-30. Refrain from using this package or pin to Setuptools<81.
  from pkg_resources import resource_stream, resource_exists
/root/Textual-Rule-Explanations-of-Reinforcement-Learning/.venv/lib/python3.12/site-packages/gymnasium/envs/registration.py:512: DeprecationWarning: [33mWARN: The environment intersection-v0 is out of date. You should consider upgrading to version `v1`.[0m
  logger.deprecation(
/root/Textual-Rule-Explanations-of-Reinforcement-Learning/.venv/lib/python3.12/site-packages/gymnasium/envs/registration.py:512: DeprecationWarning: [33mWARN: The environment intersection-v0 is out of date. You should consider upgrading to version `v1`.[0m
  logger.deprecation(
/root/Textual-Rule-Explanations-of-Reinforcement-Learning/.venv/lib/python3.12/site-packages/gymnasium/envs/registration.py:512: DeprecationWarning: [33mWARN: The environment intersection-v0 is out of date. You should consider upgrading to version `v1`.[0m
  logger.deprecation(
/root/Textual-Rule-Explanations-of-Reinforcement-Learning/.venv/lib/python3.12/site-packages/gymnasium/envs/registration.py:512: DeprecationWarning: [33mWARN: The environment intersection-v0 is out of date. You should consider upgrading to version `v1`.[0m
  logger.deprecation(
/root/Textual-Rule-Explanations-of-Reinforcement-Learning/.venv/lib/python3.12/site-packages/gymnasium/envs/registration.py:512: DeprecationWarning: [33mWARN: The environment intersection-v0 is out of date. You should consider upgrading to version `v1`.[0m
  logger.deprecation(
/root/Textual-Rule-Explanations-of-Reinforcement-Learning/.venv/lib/python3.12/site-packages/gymnasium/envs/registration.py:512: DeprecationWarning: [33mWARN: The environment intersection-v0 is out of date. You should consider upgrading to version `v1`.[0m
  logger.deprecation(

############################################################
  PHASE: FEATURE_ABLATION
############################################################


============================================================
  Feature Ablation: mode = raw
============================================================
  [merge-v0_dqn_raw] ps0_b5_bdr reruns=10
  [merge-v0_dqn_raw] ps1_b5_bdr reruns=10
  [merge-v0_dqn_raw] ps2_b5_bdr reruns=10
  [merge-v0_ppo_raw] ps0_b5_bdr reruns=10
  [merge-v0_ppo_raw] ps1_b5_bdr reruns=10
  [merge-v0_ppo_raw] ps2_b5_bdr reruns=10
  [intersection-v0_dqn_raw] ps0_b5_bdr reruns=10
  [intersection-v0_dqn_raw] ps1_b5_bdr reruns=10
  [intersection-v0_dqn_raw] ps2_b5_bdr reruns=10
  [intersection-v0_ppo_raw] ps0_b5_bdr reruns=10
  [intersection-v0_ppo_raw] ps1_b5_bdr reruns=10
  [intersection-v0_ppo_raw] ps2_b5_bdr reruns=10

============================================================
  Feature Ablation: mode = raw_derived
============================================================
  [merge-v0_dqn_raw_derived] ps0_b5_bdr reruns=10
  [merge-v0_dqn_raw_derived] ps1_b5_bdr reruns=10
  [merge-v0_dqn_raw_derived] ps2_b5_bdr reruns=10
  [merge-v0_ppo_raw_derived] ps0_b5_bdr reruns=10
  [merge-v0_ppo_raw_derived] ps1_b5_bdr reruns=10
  [merge-v0_ppo_raw_derived] ps2_b5_bdr reruns=10
  [intersection-v0_dqn_raw_derived] ps0_b5_bdr reruns=10
  [intersection-v0_dqn_raw_derived] ps1_b5_bdr reruns=10
  [intersection-v0_dqn_raw_derived] ps2_b5_bdr reruns=10
  [intersection-v0_ppo_raw_derived] ps0_b5_bdr reruns=10
  [intersection-v0_ppo_raw_derived] ps1_b5_bdr reruns=10
  [intersection-v0_ppo_raw_derived] ps2_b5_bdr reruns=10

============================================================
  Pipeline complete in 347s (5.8min)
============================================================
