/root/Textual-Rule-Explanations-of-Reinforcement-Learning/.venv/lib/python3.12/site-packages/pygame/pkgdata.py:25: UserWarning: pkg_resources is deprecated as an API. See https://setuptools.pypa.io/en/latest/pkg_resources.html. The pkg_resources package is slated for removal as early as 2025-11-30. Refrain from using this package or pin to Setuptools<81.
  from pkg_resources import resource_stream, resource_exists
/root/Textual-Rule-Explanations-of-Reinforcement-Learning/.venv/lib/python3.12/site-packages/gymnasium/envs/registration.py:512: DeprecationWarning: [33mWARN: The environment intersection-v0 is out of date. You should consider upgrading to version `v1`.[0m
  logger.deprecation(
/root/Textual-Rule-Explanations-of-Reinforcement-Learning/.venv/lib/python3.12/site-packages/gymnasium/envs/registration.py:512: DeprecationWarning: [33mWARN: The environment intersection-v0 is out of date. You should consider upgrading to version `v1`.[0m
  logger.deprecation(
/root/Textual-Rule-Explanations-of-Reinforcement-Learning/.venv/lib/python3.12/site-packages/gymnasium/envs/registration.py:512: DeprecationWarning: [33mWARN: The environment intersection-v0 is out of date. You should consider upgrading to version `v1`.[0m
  logger.deprecation(
/root/Textual-Rule-Explanations-of-Reinforcement-Learning/.venv/lib/python3.12/site-packages/gymnasium/envs/registration.py:512: DeprecationWarning: [33mWARN: The environment intersection-v0 is out of date. You should consider upgrading to version `v1`.[0m
  logger.deprecation(
/root/Textual-Rule-Explanations-of-Reinforcement-Learning/.venv/lib/python3.12/site-packages/gymnasium/envs/registration.py:512: DeprecationWarning: [33mWARN: The environment intersection-v0 is out of date. You should consider upgrading to version `v1`.[0m
  logger.deprecation(
/root/Textual-Rule-Explanations-of-Reinforcement-Learning/.venv/lib/python3.12/site-packages/gymnasium/envs/registration.py:512: DeprecationWarning: [33mWARN: The environment intersection-v0 is out of date. You should consider upgrading to version `v1`.[0m
  logger.deprecation(
/root/Textual-Rule-Explanations-of-Reinforcement-Learning/.venv/lib/python3.12/site-packages/gymnasium/envs/registration.py:512: DeprecationWarning: [33mWARN: The environment intersection-v0 is out of date. You should consider upgrading to version `v1`.[0m
  logger.deprecation(
/root/Textual-Rule-Explanations-of-Reinforcement-Learning/.venv/lib/python3.12/site-packages/gymnasium/envs/registration.py:512: DeprecationWarning: [33mWARN: The environment intersection-v0 is out of date. You should consider upgrading to version `v1`.[0m
  logger.deprecation(
/root/Textual-Rule-Explanations-of-Reinforcement-Learning/.venv/lib/python3.12/site-packages/gymnasium/envs/registration.py:512: DeprecationWarning: [33mWARN: The environment intersection-v0 is out of date. You should consider upgrading to version `v1`.[0m
  logger.deprecation(
/root/Textual-Rule-Explanations-of-Reinforcement-Learning/.venv/lib/python3.12/site-packages/gymnasium/envs/registration.py:512: DeprecationWarning: [33mWARN: The environment intersection-v0 is out of date. You should consider upgrading to version `v1`.[0m
  logger.deprecation(
/root/Textual-Rule-Explanations-of-Reinforcement-Learning/.venv/lib/python3.12/site-packages/gymnasium/envs/registration.py:512: DeprecationWarning: [33mWARN: The environment intersection-v0 is out of date. You should consider upgrading to version `v1`.[0m
  logger.deprecation(
/root/Textual-Rule-Explanations-of-Reinforcement-Learning/.venv/lib/python3.12/site-packages/gymnasium/envs/registration.py:512: DeprecationWarning: [33mWARN: The environment intersection-v0 is out of date. You should consider upgrading to version `v1`.[0m
  logger.deprecation(
/root/Textual-Rule-Explanations-of-Reinforcement-Learning/.venv/lib/python3.12/site-packages/gymnasium/envs/registration.py:512: DeprecationWarning: [33mWARN: The environment intersection-v0 is out of date. You should consider upgrading to version `v1`.[0m
  logger.deprecation(
/root/Textual-Rule-Explanations-of-Reinforcement-Learning/.venv/lib/python3.12/site-packages/gymnasium/envs/registration.py:512: DeprecationWarning: [33mWARN: The environment intersection-v0 is out of date. You should consider upgrading to version `v1`.[0m
  logger.deprecation(
/root/Textual-Rule-Explanations-of-Reinforcement-Learning/.venv/lib/python3.12/site-packages/gymnasium/envs/registration.py:512: DeprecationWarning: [33mWARN: The environment intersection-v0 is out of date. You should consider upgrading to version `v1`.[0m
  logger.deprecation(
/root/Textual-Rule-Explanations-of-Reinforcement-Learning/.venv/lib/python3.12/site-packages/gymnasium/envs/registration.py:512: DeprecationWarning: [33mWARN: The environment intersection-v0 is out of date. You should consider upgrading to version `v1`.[0m
  logger.deprecation(
/root/Textual-Rule-Explanations-of-Reinforcement-Learning/.venv/lib/python3.12/site-packages/gymnasium/envs/registration.py:512: DeprecationWarning: [33mWARN: The environment intersection-v0 is out of date. You should consider upgrading to version `v1`.[0m
  logger.deprecation(
/root/Textual-Rule-Explanations-of-Reinforcement-Learning/.venv/lib/python3.12/site-packages/gymnasium/envs/registration.py:512: DeprecationWarning: [33mWARN: The environment intersection-v0 is out of date. You should consider upgrading to version `v1`.[0m
  logger.deprecation(

############################################################
  PHASE: VEHICLES_ABLATION
############################################################


============================================================
  Vehicles Count Ablation: vehicles_count = 4
============================================================
  [merge-v0_dqn_vc4] ps0_b5_bdr reruns=10
  [merge-v0_dqn_vc4] ps1_b5_bdr reruns=10
  [merge-v0_dqn_vc4] ps2_b5_bdr reruns=10
  [merge-v0_ppo_vc4] ps0_b5_bdr reruns=10
  [merge-v0_ppo_vc4] ps1_b5_bdr reruns=10
  [merge-v0_ppo_vc4] ps2_b5_bdr reruns=10
  [intersection-v0_dqn_vc4] ps0_b5_bdr reruns=10
  [intersection-v0_dqn_vc4] ps1_b5_bdr reruns=10
  [intersection-v0_dqn_vc4] ps2_b5_bdr reruns=10
  [intersection-v0_ppo_vc4] ps0_b5_bdr reruns=10
  [intersection-v0_ppo_vc4] ps1_b5_bdr reruns=10
  [intersection-v0_ppo_vc4] ps2_b5_bdr reruns=10

============================================================
  Vehicles Count Ablation: vehicles_count = 6
============================================================
  [merge-v0_dqn_vc6] ps0_b5_bdr reruns=10
  [merge-v0_dqn_vc6] ps1_b5_bdr reruns=10
  [merge-v0_dqn_vc6] ps2_b5_bdr reruns=10
  [merge-v0_ppo_vc6] ps0_b5_bdr reruns=10
  [merge-v0_ppo_vc6] ps1_b5_bdr reruns=10
  [merge-v0_ppo_vc6] ps2_b5_bdr reruns=10
  [intersection-v0_dqn_vc6] ps0_b5_bdr reruns=10
  [intersection-v0_dqn_vc6] ps1_b5_bdr reruns=10
  [intersection-v0_dqn_vc6] ps2_b5_bdr reruns=10
  [intersection-v0_ppo_vc6] ps0_b5_bdr reruns=10
  [intersection-v0_ppo_vc6] ps1_b5_bdr reruns=10
  [intersection-v0_ppo_vc6] ps2_b5_bdr reruns=10

============================================================
  Vehicles Count Ablation: vehicles_count = 8
============================================================
  [merge-v0_dqn_vc8] ps0_b5_bdr reruns=10
  [merge-v0_dqn_vc8] ps1_b5_bdr reruns=10
  [merge-v0_dqn_vc8] ps2_b5_bdr reruns=10
  [merge-v0_ppo_vc8] ps0_b5_bdr reruns=10
  [merge-v0_ppo_vc8] ps1_b5_bdr reruns=10
  [merge-v0_ppo_vc8] ps2_b5_bdr reruns=10
  [intersection-v0_dqn_vc8] ps0_b5_bdr reruns=10
  [intersection-v0_dqn_vc8] ps1_b5_bdr reruns=10
  [intersection-v0_dqn_vc8] ps2_b5_bdr reruns=10
  [intersection-v0_ppo_vc8] ps0_b5_bdr reruns=10
  [intersection-v0_ppo_vc8] ps1_b5_bdr reruns=10
  [intersection-v0_ppo_vc8] ps2_b5_bdr reruns=10

============================================================
  Pipeline complete in 582s (9.7min)
============================================================
