{
  "timestamp": "2026-03-30 20:49:42",
  "remaining_seconds": 32425,
  "remaining_hms": "09:00:25",
  "eta_local": "2026-03-31 05:50:07",
  "dqn": {
    "remaining_seconds": 32425,
    "remaining_hms": "09:00:25",
    "completed": 4,
    "target": 6,
    "merge_completed": [
      0,
      1,
      2
    ],
    "intersection_completed": [
      0
    ],
    "current_seed_elapsed": "03:37:33",
    "avg_intersection_seed": "06:18:59"
  },
  "ppo": {
    "remaining_seconds": 23195,
    "remaining_hms": "06:26:35",
    "completed": 3,
    "target": 6,
    "merge_completed": [
      0,
      1,
      2
    ],
    "intersection_completed": [],
    "running_children": [
      994643,
      994644
    ],
    "avg_seed": "03:27:49"
  }
}

---
{
  "timestamp": "2026-03-30 21:49:42",
  "remaining_seconds": 28825,
  "remaining_hms": "08:00:25",
  "eta_local": "2026-03-31 05:50:07",
  "dqn": {
    "remaining_seconds": 28825,
    "remaining_hms": "08:00:25",
    "completed": 4,
    "target": 6,
    "merge_completed": [
      0,
      1,
      2
    ],
    "intersection_completed": [
      0
    ],
    "current_seed_elapsed": "04:37:33",
    "avg_intersection_seed": "06:18:59"
  },
  "ppo": {
    "remaining_seconds": 19595,
    "remaining_hms": "05:26:35",
    "completed": 3,
    "target": 6,
    "merge_completed": [
      0,
      1,
      2
    ],
    "intersection_completed": [],
    "running_children": [
      994643,
      994644
    ],
    "avg_seed": "03:27:49"
  }
}

---
{
  "timestamp": "2026-03-30 22:49:42",
  "remaining_seconds": 25225,
  "remaining_hms": "07:00:25",
  "eta_local": "2026-03-31 05:50:07",
  "dqn": {
    "remaining_seconds": 25225,
    "remaining_hms": "07:00:25",
    "completed": 4,
    "target": 6,
    "merge_completed": [
      0,
      1,
      2
    ],
    "intersection_completed": [
      0
    ],
    "current_seed_elapsed": "05:37:33",
    "avg_intersection_seed": "06:18:59"
  },
  "ppo": {
    "remaining_seconds": 15995,
    "remaining_hms": "04:26:35",
    "completed": 3,
    "target": 6,
    "merge_completed": [
      0,
      1,
      2
    ],
    "intersection_completed": [],
    "running_children": [
      994643,
      994644
    ],
    "avg_seed": "03:27:49"
  }
}

---
{
  "timestamp": "2026-03-30 23:49:42",
  "remaining_seconds": 21830,
  "remaining_hms": "06:03:50",
  "eta_local": "2026-03-31 05:53:33",
  "dqn": {
    "remaining_seconds": 21830,
    "remaining_hms": "06:03:50",
    "completed": 5,
    "target": 6,
    "merge_completed": [
      0,
      1,
      2
    ],
    "intersection_completed": [
      0,
      1
    ],
    "current_seed_elapsed": "00:16:17",
    "avg_intersection_seed": "06:20:08"
  },
  "ppo": {
    "remaining_seconds": 12469,
    "remaining_hms": "03:27:49",
    "completed": 3,
    "target": 6,
    "merge_completed": [
      0,
      1,
      2
    ],
    "intersection_completed": [],
    "running_children": [
      994643,
      994644
    ],
    "avg_seed": "03:27:49"
  }
}

---
{
  "timestamp": "2026-03-31 00:49:42",
  "remaining_seconds": 18230,
  "remaining_hms": "05:03:50",
  "eta_local": "2026-03-31 05:53:33",
  "dqn": {
    "remaining_seconds": 18230,
    "remaining_hms": "05:03:50",
    "completed": 5,
    "target": 6,
    "merge_completed": [
      0,
      1,
      2
    ],
    "intersection_completed": [
      0,
      1
    ],
    "current_seed_elapsed": "01:16:17",
    "avg_intersection_seed": "06:20:08"
  },
  "ppo": {
    "remaining_seconds": 12469,
    "remaining_hms": "03:27:49",
    "completed": 3,
    "target": 6,
    "merge_completed": [
      0,
      1,
      2
    ],
    "intersection_completed": [],
    "running_children": [
      994643,
      994644
    ],
    "avg_seed": "03:27:49"
  }
}

---
{
  "timestamp": "2026-03-31 01:49:42",
  "remaining_seconds": 14630,
  "remaining_hms": "04:03:50",
  "eta_local": "2026-03-31 05:53:33",
  "dqn": {
    "remaining_seconds": 14630,
    "remaining_hms": "04:03:50",
    "completed": 5,
    "target": 6,
    "merge_completed": [
      0,
      1,
      2
    ],
    "intersection_completed": [
      0,
      1
    ],
    "current_seed_elapsed": "02:16:17",
    "avg_intersection_seed": "06:20:08"
  },
  "ppo": {
    "remaining_seconds": 12469,
    "remaining_hms": "03:27:49",
    "completed": 3,
    "target": 6,
    "merge_completed": [
      0,
      1,
      2
    ],
    "intersection_completed": [],
    "running_children": [
      994643,
      994644
    ],
    "avg_seed": "03:27:49"
  }
}

---
{
  "timestamp": "2026-03-31 02:49:42",
  "remaining_seconds": 12469,
  "remaining_hms": "03:27:49",
  "eta_local": "2026-03-31 06:17:31",
  "dqn": {
    "remaining_seconds": 11030,
    "remaining_hms": "03:03:50",
    "completed": 5,
    "target": 6,
    "merge_completed": [
      0,
      1,
      2
    ],
    "intersection_completed": [
      0,
      1
    ],
    "current_seed_elapsed": "03:16:17",
    "avg_intersection_seed": "06:20:08"
  },
  "ppo": {
    "remaining_seconds": 12469,
    "remaining_hms": "03:27:49",
    "completed": 3,
    "target": 6,
    "merge_completed": [
      0,
      1,
      2
    ],
    "intersection_completed": [],
    "running_children": [
      994643,
      994644
    ],
    "avg_seed": "03:27:49"
  }
}

---
{
  "timestamp": "2026-03-31 03:49:42",
  "remaining_seconds": 12469,
  "remaining_hms": "03:27:49",
  "eta_local": "2026-03-31 07:17:31",
  "dqn": {
    "remaining_seconds": 7430,
    "remaining_hms": "02:03:50",
    "completed": 5,
    "target": 6,
    "merge_completed": [
      0,
      1,
      2
    ],
    "intersection_completed": [
      0,
      1
    ],
    "current_seed_elapsed": "04:16:17",
    "avg_intersection_seed": "06:20:08"
  },
  "ppo": {
    "remaining_seconds": 12469,
    "remaining_hms": "03:27:49",
    "completed": 3,
    "target": 6,
    "merge_completed": [
      0,
      1,
      2
    ],
    "intersection_completed": [],
    "running_children": [
      994643,
      994644
    ],
    "avg_seed": "03:27:49"
  }
}

---
{
  "timestamp": "2026-03-31 04:49:43",
  "remaining_seconds": 12469,
  "remaining_hms": "03:27:49",
  "eta_local": "2026-03-31 08:17:32",
  "dqn": {
    "remaining_seconds": 3830,
    "remaining_hms": "01:03:50",
    "completed": 5,
    "target": 6,
    "merge_completed": [
      0,
      1,
      2
    ],
    "intersection_completed": [
      0,
      1
    ],
    "current_seed_elapsed": "05:16:17",
    "avg_intersection_seed": "06:20:08"
  },
  "ppo": {
    "remaining_seconds": 12469,
    "remaining_hms": "03:27:49",
    "completed": 3,
    "target": 6,
    "merge_completed": [
      0,
      1,
      2
    ],
    "intersection_completed": [],
    "running_children": [
      994643,
      994644
    ],
    "avg_seed": "03:27:49"
  }
}

---
{
  "timestamp": "2026-03-31 05:49:43",
  "remaining_seconds": 11695,
  "remaining_hms": "03:14:55",
  "eta_local": "2026-03-31 09:04:38",
  "dqn": {
    "remaining_seconds": 230,
    "remaining_hms": "00:03:50",
    "completed": 5,
    "target": 6,
    "merge_completed": [
      0,
      1,
      2
    ],
    "intersection_completed": [
      0,
      1
    ],
    "current_seed_elapsed": "06:16:18",
    "avg_intersection_seed": "06:20:08"
  },
  "ppo": {
    "remaining_seconds": 11695,
    "remaining_hms": "03:14:55",
    "completed": 4,
    "target": 6,
    "merge_completed": [
      0,
      1,
      2
    ],
    "intersection_completed": [
      0
    ],
    "running_children": [
      24064,
      994644
    ],
    "avg_seed": "03:27:49"
  }
}

---
{
  "timestamp": "2026-03-31 06:49:43",
  "remaining_seconds": 8095,
  "remaining_hms": "02:14:55",
  "eta_local": "2026-03-31 09:04:38",
  "dqn": {
    "remaining_seconds": 0,
    "remaining_hms": "00:00:00",
    "completed": 6,
    "target": 6,
    "merge_completed": [
      0,
      1,
      2
    ],
    "intersection_completed": [
      0,
      1,
      2
    ],
    "current_seed_elapsed": "unknown",
    "avg_intersection_seed": "06:30:26"
  },
  "ppo": {
    "remaining_seconds": 8095,
    "remaining_hms": "02:14:55",
    "completed": 5,
    "target": 6,
    "merge_completed": [
      0,
      1,
      2
    ],
    "intersection_completed": [
      0,
      1
    ],
    "running_children": [
      24064
    ],
    "avg_seed": "03:27:49"
  }
}

---
{
  "timestamp": "2026-03-31 07:49:43",
  "remaining_seconds": 4495,
  "remaining_hms": "01:14:55",
  "eta_local": "2026-03-31 09:04:38",
  "dqn": {
    "remaining_seconds": 0,
    "remaining_hms": "00:00:00",
    "completed": 6,
    "target": 6,
    "merge_completed": [
      0,
      1,
      2
    ],
    "intersection_completed": [
      0,
      1,
      2
    ],
    "current_seed_elapsed": "unknown",
    "avg_intersection_seed": "06:30:26"
  },
  "ppo": {
    "remaining_seconds": 4495,
    "remaining_hms": "01:14:55",
    "completed": 5,
    "target": 6,
    "merge_completed": [
      0,
      1,
      2
    ],
    "intersection_completed": [
      0,
      1
    ],
    "running_children": [
      24064
    ],
    "avg_seed": "03:27:49"
  }
}

---
{
  "timestamp": "2026-03-31 08:49:43",
  "remaining_seconds": 895,
  "remaining_hms": "00:14:55",
  "eta_local": "2026-03-31 09:04:38",
  "dqn": {
    "remaining_seconds": 0,
    "remaining_hms": "00:00:00",
    "completed": 6,
    "target": 6,
    "merge_completed": [
      0,
      1,
      2
    ],
    "intersection_completed": [
      0,
      1,
      2
    ],
    "current_seed_elapsed": "unknown",
    "avg_intersection_seed": "06:30:26"
  },
  "ppo": {
    "remaining_seconds": 895,
    "remaining_hms": "00:14:55",
    "completed": 5,
    "target": 6,
    "merge_completed": [
      0,
      1,
      2
    ],
    "intersection_completed": [
      0,
      1
    ],
    "running_children": [
      24064
    ],
    "avg_seed": "03:27:49"
  }
}

---
{
  "timestamp": "2026-03-31 09:49:43",
  "remaining_seconds": 0,
  "remaining_hms": "00:00:00",
  "eta_local": "2026-03-31 09:49:43",
  "dqn": {
    "remaining_seconds": 0,
    "remaining_hms": "00:00:00",
    "completed": 6,
    "target": 6,
    "merge_completed": [
      0,
      1,
      2
    ],
    "intersection_completed": [
      0,
      1,
      2
    ],
    "current_seed_elapsed": "unknown",
    "avg_intersection_seed": "06:30:26"
  },
  "ppo": {
    "remaining_seconds": 0,
    "remaining_hms": "00:00:00",
    "completed": 5,
    "target": 6,
    "merge_completed": [
      0,
      1,
      2
    ],
    "intersection_completed": [
      0,
      1
    ],
    "running_children": [
      24064
    ],
    "avg_seed": "03:27:49"
  }
}

---
{
  "timestamp": "2026-03-31 10:49:43",
  "remaining_seconds": 0,
  "remaining_hms": "00:00:00",
  "eta_local": "2026-03-31 10:49:43",
  "dqn": {
    "remaining_seconds": 0,
    "remaining_hms": "00:00:00",
    "completed": 6,
    "target": 6,
    "merge_completed": [
      0,
      1,
      2
    ],
    "intersection_completed": [
      0,
      1,
      2
    ],
    "current_seed_elapsed": "unknown",
    "avg_intersection_seed": "06:30:26"
  },
  "ppo": {
    "remaining_seconds": 0,
    "remaining_hms": "00:00:00",
    "completed": 5,
    "target": 6,
    "merge_completed": [
      0,
      1,
      2
    ],
    "intersection_completed": [
      0,
      1
    ],
    "running_children": [
      24064
    ],
    "avg_seed": "03:27:49"
  }
}

---
{
  "timestamp": "2026-03-31 11:49:43",
  "remaining_seconds": 0,
  "remaining_hms": "00:00:00",
  "eta_local": "2026-03-31 11:49:43",
  "dqn": {
    "remaining_seconds": 0,
    "remaining_hms": "00:00:00",
    "completed": 6,
    "target": 6,
    "merge_completed": [
      0,
      1,
      2
    ],
    "intersection_completed": [
      0,
      1,
      2
    ],
    "current_seed_elapsed": "unknown",
    "avg_intersection_seed": "06:30:26"
  },
  "ppo": {
    "remaining_seconds": 0,
    "remaining_hms": "00:00:00",
    "completed": 5,
    "target": 6,
    "merge_completed": [
      0,
      1,
      2
    ],
    "intersection_completed": [
      0,
      1
    ],
    "running_children": [
      24064
    ],
    "avg_seed": "03:27:49"
  }
}

---
{
  "timestamp": "2026-03-31 12:49:43",
  "remaining_seconds": 0,
  "remaining_hms": "00:00:00",
  "eta_local": "2026-03-31 12:49:43",
  "dqn": {
    "remaining_seconds": 0,
    "remaining_hms": "00:00:00",
    "completed": 6,
    "target": 6,
    "merge_completed": [
      0,
      1,
      2
    ],
    "intersection_completed": [
      0,
      1,
      2
    ],
    "current_seed_elapsed": "unknown",
    "avg_intersection_seed": "06:30:26"
  },
  "ppo": {
    "remaining_seconds": 0,
    "remaining_hms": "00:00:00",
    "completed": 5,
    "target": 6,
    "merge_completed": [
      0,
      1,
      2
    ],
    "intersection_completed": [
      0,
      1
    ],
    "running_children": [
      24064
    ],
    "avg_seed": "03:27:49"
  }
}

---
{
  "timestamp": "2026-03-31 13:49:44",
  "remaining_seconds": 0,
  "remaining_hms": "00:00:00",
  "eta_local": "2026-03-31 13:49:44",
  "dqn": {
    "remaining_seconds": 0,
    "remaining_hms": "00:00:00",
    "completed": 6,
    "target": 6,
    "merge_completed": [
      0,
      1,
      2
    ],
    "intersection_completed": [
      0,
      1,
      2
    ],
    "current_seed_elapsed": "unknown",
    "avg_intersection_seed": "06:30:26"
  },
  "ppo": {
    "remaining_seconds": 0,
    "remaining_hms": "00:00:00",
    "completed": 5,
    "target": 6,
    "merge_completed": [
      0,
      1,
      2
    ],
    "intersection_completed": [
      0,
      1
    ],
    "running_children": [
      24064
    ],
    "avg_seed": "03:27:49"
  }
}

---
{
  "timestamp": "2026-03-31 14:49:44",
  "remaining_seconds": 0,
  "remaining_hms": "00:00:00",
  "eta_local": "2026-03-31 14:49:44",
  "dqn": {
    "remaining_seconds": 0,
    "remaining_hms": "00:00:00",
    "completed": 6,
    "target": 6,
    "merge_completed": [
      0,
      1,
      2
    ],
    "intersection_completed": [
      0,
      1,
      2
    ],
    "current_seed_elapsed": "unknown",
    "avg_intersection_seed": "06:30:26"
  },
  "ppo": {
    "remaining_seconds": 0,
    "remaining_hms": "00:00:00",
    "completed": 5,
    "target": 6,
    "merge_completed": [
      0,
      1,
      2
    ],
    "intersection_completed": [
      0,
      1
    ],
    "running_children": [
      24064
    ],
    "avg_seed": "03:27:49"
  }
}

---
