date: extra operand ‘%T"’
Try 'date --help' for more information.
[9h-check ]
training_status=still_running
   PID     ELAPSED STAT %CPU %MEM CMD
144214    09:10:40 Rl+  99.8  0.2 python -u experiments/run_highway_experiments.py --phase train --envs merge-v0 intersection-v0 --algos dqn --seeds 0 1 2 3 4
144377    09:10:33 Rl+  1660  0.1 python -u experiments/run_highway_experiments.py --phase train --envs merge-v0 intersection-v0 --algos ppo --seeds 0 1 2 3 4
--- recent training log ---
/root/Textual-Rule-Explanations-of-Reinforcement-Learning/.venv/lib/python3.12/site-packages/pygame/pkgdata.py:25: UserWarning: pkg_resources is deprecated as an API. See https://setuptools.pypa.io/en/latest/pkg_resources.html. The pkg_resources package is slated for removal as early as 2025-11-30. Refrain from using this package or pin to Setuptools<81.
  from pkg_resources import resource_stream, resource_exists

############################################################
  PHASE: TRAIN
############################################################


============================================================
  Training DQN on merge-v0 seed=0
============================================================
/root/Textual-Rule-Explanations-of-Reinforcement-Learning/.venv/lib/python3.12/site-packages/stable_baselines3/common/evaluation.py:70: UserWarning: Evaluation environment is not wrapped with a ``Monitor`` wrapper. This may result in reporting modified episode lengths and rewards, if other wrappers happen to modify these. Consider wrapping environment first with ``Monitor`` wrapper.
  warnings.warn(
 100% ━━━━━━━━━━━━━━━━━━━━━━ 500,000/500,000  [ 1:33:45 < 0:00:00 , 84 it/s ]
  Result: reward=14.82±0.48

============================================================
  Training DQN on merge-v0 seed=1
============================================================
/root/Textual-Rule-Explanations-of-Reinforcement-Learning/.venv/lib/python3.12/site-packages/stable_baselines3/common/evaluation.py:70: UserWarning: Evaluation environment is not wrapped with a ``Monitor`` wrapper. This may result in reporting modified episode lengths and rewards, if other wrappers happen to modify these. Consider wrapping environment first with ``Monitor`` wrapper.
  warnings.warn(
 100% ━━━━━━━━━━━━━━━━━━━━━━ 500,000/500,000  [ 1:34:55 < 0:00:00 , 83 it/s ]
  Result: reward=14.71±0.41

============================================================
  Training DQN on merge-v0 seed=2
============================================================
 100% ━━━━━━━━━━━━━━━━━━━━━━ 500,000/500,000  [ 1:35:02 < 0:00:00 , 81 it/s ]
  Result: reward=14.86±0.53

============================================================
  Training DQN on merge-v0 seed=3
============================================================
 100% ━━━━━━━━━━━━━━━━━━━━━━ 500,000/500,000  [ 1:36:04 < 0:00:00 , 82 it/s ]
  Result: reward=14.82±0.48

============================================================
  Training DQN on merge-v0 seed=4
============================================================
 100% ━━━━━━━━━━━━━━━━━━━━━━ 500,000/500,000  [ 1:35:22 < 0:00:00 , 82 it/s ]
  Result: reward=14.60±0.43

============================================================
  Training DQN on intersection-v0 seed=0
============================================================
/root/Textual-Rule-Explanations-of-Reinforcement-Learning/.venv/lib/python3.12/site-packages/gymnasium/envs/registration.py:512: DeprecationWarning: [33mWARN: The environment intersection-v0 is out of date. You should consider upgrading to version `v1`.[0m
  logger.deprecation(
---
/root/Textual-Rule-Explanations-of-Reinforcement-Learning/.venv/lib/python3.12/site-packages/pygame/pkgdata.py:25: UserWarning: pkg_resources is deprecated as an API. See https://setuptools.pypa.io/en/latest/pkg_resources.html. The pkg_resources package is slated for removal as early as 2025-11-30. Refrain from using this package or pin to Setuptools<81.
  from pkg_resources import resource_stream, resource_exists

############################################################
  PHASE: TRAIN
############################################################


============================================================
  Training PPO on merge-v0 seed=0
============================================================
/root/Textual-Rule-Explanations-of-Reinforcement-Learning/.venv/lib/python3.12/site-packages/stable_baselines3/common/evaluation.py:70: UserWarning: Evaluation environment is not wrapped with a ``Monitor`` wrapper. This may result in reporting modified episode lengths and rewards, if other wrappers happen to modify these. Consider wrapping environment first with ``Monitor`` wrapper.
  warnings.warn(
 100% ━━━━━━━━━━━━━━━━━━━ 1,001,472/1,000,000 [ 3:27:00 < 0:00:00 , 74 it/s ]
  Result: reward=14.15±1.28

============================================================
  Training PPO on merge-v0 seed=1
============================================================
/root/Textual-Rule-Explanations-of-Reinforcement-Learning/.venv/lib/python3.12/site-packages/stable_baselines3/common/evaluation.py:70: UserWarning: Evaluation environment is not wrapped with a ``Monitor`` wrapper. This may result in reporting modified episode lengths and rewards, if other wrappers happen to modify these. Consider wrapping environment first with ``Monitor`` wrapper.
  warnings.warn(
 100% ━━━━━━━━━━━━━━━━━━━ 1,001,472/1,000,000 [ 3:28:35 < 0:00:00 , 73 it/s ]
  Result: reward=14.31±1.45

============================================================
  Training PPO on merge-v0 seed=2
============================================================
--- recent post-training pipeline log ---
============================================================
