/root/Textual-Rule-Explanations-of-Reinforcement-Learning/.venv/lib/python3.12/site-packages/pygame/pkgdata.py:25: UserWarning: pkg_resources is deprecated as an API. See https://setuptools.pypa.io/en/latest/pkg_resources.html. The pkg_resources package is slated for removal as early as 2025-11-30. Refrain from using this package or pin to Setuptools<81.
  from pkg_resources import resource_stream, resource_exists

############################################################
  PHASE: TRAIN
############################################################


============================================================
  Training DQN on merge-v0 seed=0
============================================================
/root/Textual-Rule-Explanations-of-Reinforcement-Learning/.venv/lib/python3.12/site-packages/stable_baselines3/common/evaluation.py:70: UserWarning: Evaluation environment is not wrapped with a ``Monitor`` wrapper. This may result in reporting modified episode lengths and rewards, if other wrappers happen to modify these. Consider wrapping environment first with ``Monitor`` wrapper.
  warnings.warn(
 100% ━━━━━━━━━━━━━━━━━━━━━━ 500,000/500,000  [ 1:33:45 < 0:00:00 , 84 it/s ]
  Result: reward=14.82±0.48

============================================================
  Training DQN on merge-v0 seed=1
============================================================
/root/Textual-Rule-Explanations-of-Reinforcement-Learning/.venv/lib/python3.12/site-packages/stable_baselines3/common/evaluation.py:70: UserWarning: Evaluation environment is not wrapped with a ``Monitor`` wrapper. This may result in reporting modified episode lengths and rewards, if other wrappers happen to modify these. Consider wrapping environment first with ``Monitor`` wrapper.
  warnings.warn(
 100% ━━━━━━━━━━━━━━━━━━━━━━ 500,000/500,000  [ 1:34:55 < 0:00:00 , 83 it/s ]
  Result: reward=14.71±0.41

============================================================
  Training DQN on merge-v0 seed=2
============================================================
 100% ━━━━━━━━━━━━━━━━━━━━━━ 500,000/500,000  [ 1:35:02 < 0:00:00 , 81 it/s ]
  Result: reward=14.86±0.53

============================================================
  Training DQN on merge-v0 seed=3
============================================================
 100% ━━━━━━━━━━━━━━━━━━━━━━ 500,000/500,000  [ 1:36:04 < 0:00:00 , 82 it/s ]
  Result: reward=14.82±0.48

============================================================
  Training DQN on merge-v0 seed=4
============================================================
 100% ━━━━━━━━━━━━━━━━━━━━━━ 500,000/500,000  [ 1:35:22 < 0:00:00 , 82 it/s ]
  Result: reward=14.60±0.43

============================================================
  Training DQN on intersection-v0 seed=0
============================================================
/root/Textual-Rule-Explanations-of-Reinforcement-Learning/.venv/lib/python3.12/site-packages/gymnasium/envs/registration.py:512: DeprecationWarning: [33mWARN: The environment intersection-v0 is out of date. You should consider upgrading to version `v1`.[0m
  logger.deprecation(
 100% ━━━━━━━━━━━━━━━━━━━━━━ 700,000/700,000  [ 6:18:59 < 0:00:00 , 30 it/s ]
  Result: reward=2.41±3.21

============================================================
  Training DQN on intersection-v0 seed=1
============================================================
 100% ━━━━━━━━━━━━━━━━━━━━━━ 700,000/700,000  [ 6:21:16 < 0:00:00 , 27 it/s ]
  Result: reward=2.38±3.12

============================================================
  Training DQN on intersection-v0 seed=2
============================================================
 100% ━━━━━━━━━━━━━━━━━━━━━━ 700,000/700,000  [ 6:51:02 < 0:00:00 , 26 it/s ]
  Result: reward=0.83±3.28

============================================================
  Training DQN on intersection-v0 seed=3
============================================================
