/root/Textual-Rule-Explanations-of-Reinforcement-Learning/.venv/lib/python3.12/site-packages/pygame/pkgdata.py:25: UserWarning: pkg_resources is deprecated as an API. See https://setuptools.pypa.io/en/latest/pkg_resources.html. The pkg_resources package is slated for removal as early as 2025-11-30. Refrain from using this package or pin to Setuptools<81.
  from pkg_resources import resource_stream, resource_exists

############################################################
  PHASE: TRAIN
############################################################


============================================================
  Training PPO on merge-v0 seed=0
============================================================
/root/Textual-Rule-Explanations-of-Reinforcement-Learning/.venv/lib/python3.12/site-packages/stable_baselines3/common/evaluation.py:70: UserWarning: Evaluation environment is not wrapped with a ``Monitor`` wrapper. This may result in reporting modified episode lengths and rewards, if other wrappers happen to modify these. Consider wrapping environment first with ``Monitor`` wrapper.
  warnings.warn(
 100% ━━━━━━━━━━━━━━━━━━━ 1,001,472/1,000,000 [ 3:27:00 < 0:00:00 , 74 it/s ]
  Result: reward=14.15±1.28

============================================================
  Training PPO on merge-v0 seed=1
============================================================
/root/Textual-Rule-Explanations-of-Reinforcement-Learning/.venv/lib/python3.12/site-packages/stable_baselines3/common/evaluation.py:70: UserWarning: Evaluation environment is not wrapped with a ``Monitor`` wrapper. This may result in reporting modified episode lengths and rewards, if other wrappers happen to modify these. Consider wrapping environment first with ``Monitor`` wrapper.
  warnings.warn(
 100% ━━━━━━━━━━━━━━━━━━━ 1,001,472/1,000,000 [ 3:28:35 < 0:00:00 , 73 it/s ]
  Result: reward=14.31±1.45

============================================================
  Training PPO on merge-v0 seed=2
============================================================
 100% ━━━━━━━━━━━━━━━━━━━ 1,001,472/1,000,000 [ 3:27:52 < 0:00:00 , 73 it/s ]
  Result: reward=14.31±1.19

============================================================
  Training PPO on merge-v0 seed=3
============================================================
 100% ━━━━━━━━━━━━━━━━━━━ 1,001,472/1,000,000 [ 3:29:18 < 0:00:00 , 75 it/s ]
  Result: reward=13.85±1.39

============================================================
  Training PPO on merge-v0 seed=4
============================================================
