COMMAND: /root/Textual-Rule-Explanations-of-Reinforcement-Learning/.venv/bin/python -u /root/Textual-Rule-Explanations-of-Reinforcement-Learning/experiments/run_highway_experiments.py --phase train --envs intersection-v0 --algos ppo --seeds 1 --train-child

/root/Textual-Rule-Explanations-of-Reinforcement-Learning/.venv/lib/python3.12/site-packages/pygame/pkgdata.py:25: UserWarning: pkg_resources is deprecated as an API. See https://setuptools.pypa.io/en/latest/pkg_resources.html. The pkg_resources package is slated for removal as early as 2025-11-30. Refrain from using this package or pin to Setuptools<81.
  from pkg_resources import resource_stream, resource_exists

############################################################
  PHASE: TRAIN
############################################################


============================================================
  Training PPO on intersection-v0 seed=1
============================================================
/root/Textual-Rule-Explanations-of-Reinforcement-Learning/.venv/lib/python3.12/site-packages/gymnasium/envs/registration.py:512: DeprecationWarning: [33mWARN: The environment intersection-v0 is out of date. You should consider upgrading to version `v1`.[0m
  logger.deprecation(
/root/Textual-Rule-Explanations-of-Reinforcement-Learning/.venv/lib/python3.12/site-packages/stable_baselines3/common/evaluation.py:70: UserWarning: Evaluation environment is not wrapped with a ``Monitor`` wrapper. This may result in reporting modified episode lengths and rewards, if other wrappers happen to modify these. Consider wrapping environment first with ``Monitor`` wrapper.
  warnings.warn(
 100% ━━━━━━━━━━━━━━━━━━━━━ 1,001,472/1,000,000  [ 9:40:35 < 0:00:00 , 27 it/s ]
/root/Textual-Rule-Explanations-of-Reinforcement-Learning/.venv/lib/python3.12/site-packages/gymnasium/envs/registration.py:512: DeprecationWarning: [33mWARN: The environment intersection-v0 is out of date. You should consider upgrading to version `v1`.[0m
  logger.deprecation(
  Result: reward=2.58±3.20

Training complete. 1 succeeded, 0 failed.

============================================================
  Pipeline complete in 34894s (581.6min)
============================================================
